// Jest Snapshot v1, https://goo.gl/fbAQLP

exports[`Primary button snap 1`] = `
.c0 {
  font-family: initial;
  font-size: 1rem;
  font-weight: normal;
  color: #fff;
  background-color: #1890ff;
  border: 1px solid #1890ff;
  border-radius: 2px;
  cursor: pointer;
  height: 80px;
  width: 150px;
}

.c0:disabled {
  color: #fff;
  background-color: #ced4da;
  border-color: #ced4da;
}

.c0:hover {
  outline: none;
  background-color: #40a9ff;
}

<button
  className="c0"
  disabled={false}
  height="80px"
  shape="rounded"
  type="button"
  width="150px"
>
  Interactive
</button>
`;

exports[`it works 1`] = `
.c0 {
  font-family: initial;
  font-size: 1rem;
  font-weight: normal;
  color: #fff;
  background-color: #1890ff;
  border: 1px solid #1890ff;
  border-radius: 2px;
  cursor: pointer;
  height: 80px;
  width: 150px;
}

.c0:disabled {
  color: #fff;
  background-color: #ced4da;
  border-color: #ced4da;
}

.c0:hover {
  outline: none;
  background-color: #40a9ff;
}

<button
  className="c0"
  disabled={false}
  height="80px"
  shape="rounded"
  type="button"
  width="150px"
>
  Interactive
</button>
`;
